main.c:146:5:main	8	static
main.c:312:6:SystemClock_Config	72	static
main.c:350:13:MX_TIM2_Init	32	static
main.c:395:13:MX_USART1_UART_Init	8	static
main.c:428:13:MX_GPIO_Init	40	static
main.c:488:6:HAL_UART_RxCpltCallback	16	static
main.c:531:6:HAL_TIM_PeriodElapsedCallback	16	static
main.c:558:6:Limpia_Recep	16	static
main.c:588:6:Limpia_Pr	16	static
main.c:599:5:Valida_Cksum	16	static
main.c:628:5:Lectura_Trama	16	static
main.c:668:6:Genera_Trama_ACK_ERROR	16	static
main.c:740:5:Valida_Entradas	16	static
main.c:758:6:Envio_tx	8	static
main.c:779:6:Error_Handler	4	static
